===== ENV CHECK =====
DISPLAY=:118
QT_QPA_PLATFORM=xcb
QT_XCB_GL_INTEGRATION=xcb_glx
QT_OPENGL=desktop
COPPELIASIM_REAL=/data/xzha593/software/CoppeliaSim_Edu_V4_1_0_Ubuntu18_04
XICM_RGB_CACHE_DIR=/data/xzha593/tmp/xicm_rgb_cache
total 100K
-rwxr-x---. 1 xzha593 xzha593 99K Jul 22  2020 libqxcb-glx-integration.so
===== PREFLIGHT VisionSensor =====
DISPLAY: :118
QT_QPA_PLATFORM: xcb
QT_XCB_GL_INTEGRATION: xcb_glx
RGB captured: (128, 128, 3) float32 0.0 0.0
[CoppeliaSim:loadinfo]   done.
PREFLIGHT OK
===== RUN RLBench SCENE DEBUG ONLY =====
===== ENV =====
DISPLAY: :118
QT_QPA_PLATFORM: xcb
QT_XCB_GL_INTEGRATION: xcb_glx
QT_OPENGL: desktop
COPPELIASIM_ROOT: /data/xzha593/software/CoppeliaSim
LD_LIBRARY_PATH: /data/xzha593/software/llvm-private/usr/lib64:/data/xzha593/envs/xicm/x86_64-conda-linux-gnu/sysroot/usr/lib64:/data/xzha593/software/CoppeliaSim_Edu_V4_1_0_Ubuntu18_04:/data/xzha593/envs/xicm/lib:/usr/lcoal/cuda-12.1/lib64:
LIBGL_DRIVERS_PATH: /data/xzha593/envs/xicm/x86_64-conda-linux-gnu/sysroot/usr/lib64/dri
===== BUILD OBS CONFIG =====
===== LAUNCH RLBench ENV =====
QXcbIntegration: Cannot create platform OpenGL context, neither GLX nor EGL are enabled


Error: signal 11:

/data/xzha593/software/CoppeliaSim_Edu_V4_1_0_Ubuntu18_04/libcoppeliaSim.so.1(_Z11_segHandleri+0x2b)[0x7f8d1a1998db]
/lib64/libc.so.6(+0x4e630)[0x7f8d258c8630]
/lib64/libc.so.6(+0xab1fd)[0x7f8d259251fd]
/data/xzha593/software/CoppeliaSim_Edu_V4_1_0_Ubuntu18_04/libcoppeliaSim.so.1(_Z15initGl_ifNeededv+0x116)[0x7f8d1a31c986]
/data/xzha593/software/CoppeliaSim_Edu_V4_1_0_Ubuntu18_04/libcoppeliaSim.so.1(_ZN11CMainWindowC2Ev+0x648)[0x7f8d1a5e76f8]
/data/xzha593/software/CoppeliaSim_Edu_V4_1_0_Ubuntu18_04/libcoppeliaSim.so.1(_ZN3App16createMainWindowEv+0x46)[0x7f8d1a30e546]
/data/xzha593/software/CoppeliaSim_Edu_V4_1_0_Ubuntu18_04/libcoppeliaSim.so.1(_Z24simRunSimulator_internalPKciPFvvES2_S2_iS0_b+0x32d)[0x7f8d1a1aea1d]
/data/xzha593/software/CoppeliaSim_Edu_V4_1_0_Ubuntu18_04/libcoppeliaSim.so.1(_Z29simExtLaunchUIThread_internalPKciS0_S0_+0x91)[0x7f8d1a1aee01]
/data/xzha593/projects/X-ICM/PyRep/pyrep/backend/_sim_cffi.abi3.so(+0x3bf1f)[0x7f8d1acccf1f]
python(+0x1fd088)[0x55abd6c94088]
