===== ENV CHECK =====
DISPLAY=:114
QT_QPA_PLATFORM=xcb
QT_XCB_GL_INTEGRATION=xcb_glx
QT_OPENGL=desktop
COPPELIASIM_REAL=/data/xzha593/software/CoppeliaSim_Edu_V4_1_0_Ubuntu18_04
XICM_RGB_CACHE_DIR=/data/xzha593/tmp/xicm_rgb_cache
total 100K
-rwxr-x---. 1 xzha593 xzha593 99K Jul 22  2020 libqxcb-glx-integration.so
===== PREFLIGHT VisionSensor =====
DISPLAY: :114
QT_QPA_PLATFORM: xcb
QT_XCB_GL_INTEGRATION: xcb_glx
RGB captured: (128, 128, 3) float32 0.0 0.0
[CoppeliaSim:loadinfo]   done.
PREFLIGHT OK
===== RUN RLBench SCENE DEBUG ONLY =====
===== ENV =====
DISPLAY: :114
QT_QPA_PLATFORM: xcb
QT_XCB_GL_INTEGRATION: xcb_glx
QT_OPENGL: desktop
COPPELIASIM_ROOT: /data/xzha593/software/CoppeliaSim
LD_LIBRARY_PATH: /data/xzha593/software/llvm-private/usr/lib64:/data/xzha593/envs/xicm/x86_64-conda-linux-gnu/sysroot/usr/lib64:/data/xzha593/software/CoppeliaSim_Edu_V4_1_0_Ubuntu18_04:/data/xzha593/envs/xicm/lib:/usr/lcoal/cuda-12.1/lib64:
LIBGL_DRIVERS_PATH: /data/xzha593/envs/xicm/x86_64-conda-linux-gnu/sysroot/usr/lib64/dri
===== BUILD OBS CONFIG =====
===== LAUNCH RLBench ENV =====
Environment launched
===== LOAD TASK =====
Task loaded: <rlbench.task_environment.TaskEnvironment object at 0x7fb85ff9ae90>
===== LOAD DEMO =====
Traceback (most recent call last):
  File "/data/xzha593/projects/X-ICM/debug_rlbench_scene.py", line 70, in <module>
    demos = task.get_demos(
            ^^^^^^^^^^^^^^^
  File "/data/xzha593/projects/X-ICM/RLBench/rlbench/task_environment.py", line 123, in get_demos
    demos = utils.get_stored_demos(
            ^^^^^^^^^^^^^^^^^^^^^^^
  File "/data/xzha593/projects/X-ICM/RLBench/rlbench/utils.py", line 63, in get_stored_demos
    examples = listdir(examples_path)
               ^^^^^^^^^^^^^^^^^^^^^^
FileNotFoundError: [Errno 2] No such file or directory: '/data/xzha593/projects/X-ICM/data/unseen_tasks/test/put_toilet_roll_on_stand/variation0/episodes'
QMutex: destroying locked mutex
